// Jest Snapshot v1, https://goo.gl/fbAQLP

exports[`Pruebas en <FirstApp /> pruebas en <FirstApp />  1`] = `
<div>
  <h1
    data-testid="test-title"
  >
    Bienvenido, Dwight
  </h1>
  <p>
    Soy un subtitulo
  </p>
  <p>
    Daniel Namur
  </p>
</div>
`;
